Parsed calibration: f=718.856 cx=607.193 cy=185.216 cx_right=607.193 tx=-0.537166
  inliers: 508 / 894  median depth: 24.3241 m
Frame 1 position: [-0.007615851388673662, 0.000933349113330537, 0.6622967122267426]
  inliers: 565 / 955  median depth: 22.6312 m
Frame 2 position: [-0.02015124396941808, 0.002283139946047758, 1.355336420874196]
  inliers: 584 / 898  median depth: 24.5171 m
Frame 3 position: [-0.02980432327360064, -0.002583900434663843, 2.071042947317917]
  inliers: 582 / 910  median depth: 25.743 m
Frame 4 position: [-0.047667924428892, -0.006746857594225482, 2.786312520659615]
  inliers: 581 / 905  median depth: 27.5818 m
Frame 5 position: [-0.0676623948294153, -0.01921126622050046, 3.521914584723845]
  inliers: 548 / 904  median depth: 27.2173 m
Frame 6 position: [-0.08184035502955224, -0.02853517158674457, 4.278293241366068]
  inliers: 581 / 918  median depth: 27.3377 m
Frame 7 position: [-0.1161072785312783, -0.04272714604481564, 5.038323059975395]
  inliers: 516 / 845  median depth: 25.743 m
Frame 8 position: [-0.1413310835830659, -0.06256117016161694, 5.822294328421627]
  inliers: 473 / 807  median depth: 27.5818 m
Frame 9 position: [-0.194270611138208, -0.06576288511768742, 6.642984585084291]
  inliers: 521 / 824  median depth: 28.8706 m
Frame 10 position: [-0.2293735561580413, -0.07148328497778535, 7.454159511796687]
  inliers: 615 / 948  median depth: 32.8634 m
Frame 11 position: [-0.2722699273822319, -0.07575955439375434, 8.274252275558919]
  inliers: 602 / 953  median depth: 32.1787 m
Frame 12 position: [-0.3198832428325378, -0.08040374794047285, 9.09549194789418]
  inliers: 567 / 934  median depth: 32.1787 m
Frame 13 position: [-0.3526476054033814, -0.09050186723586336, 9.937509045441482]
  inliers: 613 / 947  median depth: 32.1787 m
Frame 14 position: [-0.408334131709065, -0.09304406208590217, 10.78822275265311]
  inliers: 635 / 956  median depth: 32.1787 m
Frame 15 position: [-0.4583341822586592, -0.1110675330821821, 11.63353487862112]
  inliers: 596 / 963  median depth: 31.6837 m
Frame 16 position: [-0.5189293652236369, -0.1354182635157079, 12.48558810852514]
  inliers: 589 / 930  median depth: 29.7034 m
Frame 17 position: [-0.5661449450192658, -0.151435349372841, 13.33558775395011]
  inliers: 533 / 906  median depth: 30.1381 m
Frame 18 position: [-0.6387244877177816, -0.1772176114022244, 14.21852541421995]
  inliers: 538 / 870  median depth: 28.7364 m
Frame 19 position: [-0.7032477732850519, -0.2021254968463499, 15.12009402994497]
  inliers: 527 / 870  median depth: 27.7055 m
Frame 20 position: [-0.7520509460275197, -0.2030758124639642, 16.00563579930808]
  inliers: 530 / 872  median depth: 27.5818 m
Frame 21 position: [-0.7942123985686624, -0.2209905146292204, 16.88456220960445]
  inliers: 490 / 808  median depth: 26.9795 m
Frame 22 position: [-0.8284114926755364, -0.2441422714641651, 17.77392427665708]
  inliers: 510 / 830  median depth: 26.1793 m
Frame 23 position: [-0.8983017524660341, -0.2649811290125866, 18.70084746473296]
  inliers: 475 / 818  median depth: 29.143 m
Frame 24 position: [-0.9709145019915978, -0.2713279492523201, 19.61604370513359]
  inliers: 439 / 789  median depth: 24.7133 m
Frame 25 position: [-1.054992688573598, -0.2853105703214553, 20.56992387211134]
  inliers: 421 / 704  median depth: 32.3472 m
Frame 26 position: [-1.12991059124949, -0.3034434333113905, 21.50437213663441]
  inliers: 507 / 773  median depth: 35.1041 m
Frame 27 position: [-1.180585317729692, -0.3159592391193564, 22.42113564223154]
  inliers: 455 / 746  median depth: 35.1041 m
Frame 28 position: [-1.261399030962048, -0.3222633224702621, 23.36523050869394]
  inliers: 530 / 852  median depth: 34.9057 m
Frame 29 position: [-1.31917924111112, -0.3256309787307355, 24.28617680808185]
  inliers: 497 / 879  median depth: 34.5157 m
Frame 30 position: [-1.414793807879637, -0.3378206726302829, 25.27248151441492]
  inliers: 492 / 851  median depth: 33.9468 m
Frame 31 position: [-1.467701039649431, -0.3525008306752345, 26.20428308298366]
  inliers: 493 / 832  median depth: 34.7096 m
Frame 32 position: [-1.535110587046171, -0.3754878767488545, 27.14507015228169]
  inliers: 554 / 817  median depth: 35.7128 m
Frame 33 position: [-1.57873092543653, -0.3997284261545017, 28.09962704238635]
  inliers: 483 / 822  median depth: 40.916 m
Frame 34 position: [-1.642031959999477, -0.40030232531937, 29.08391152142906]
  inliers: 486 / 774  median depth: 38.8573 m
Frame 35 position: [-1.686260706480546, -0.4329204039424995, 30.06790446694699]
  inliers: 530 / 859  median depth: 38.3746 m
Frame 36 position: [-1.724750236200615, -0.4587209300209979, 30.99529744118571]
  inliers: 581 / 883  median depth: 38.1378 m
Frame 37 position: [-1.797492899463826, -0.469309447660475, 31.9507714534695]
  inliers: 609 / 944  median depth: 38.3746 m
Frame 38 position: [-1.869795016131403, -0.4742549242277203, 32.89656325707905]
  inliers: 627 / 935  median depth: 35.1041 m
Frame 39 position: [-1.952452992312413, -0.4793371213850529, 33.85401191654854]
  inliers: 611 / 963  median depth: 35.7128 m
Frame 40 position: [-2.016252914500193, -0.479714611587639, 34.82747577692342]
  inliers: 644 / 939  median depth: 34.324 m
Frame 41 position: [-2.082325642225821, -0.4843085397934415, 35.7947144281035]
  inliers: 633 / 963  median depth: 36.1305 m
Frame 42 position: [-2.162861673519222, -0.4927321115016667, 36.78845107854216]
  inliers: 631 / 981  median depth: 31.6837 m
Frame 43 position: [-2.248560542483266, -0.5125107114593058, 37.76762578662368]
  inliers: 631 / 980  median depth: 34.9057 m
Frame 44 position: [-2.339492068872137, -0.5314861032970942, 38.78407813644225]
  inliers: 649 / 973  median depth: 32.5175 m
Frame 45 position: [-2.382676990467633, -0.5501562376880156, 39.73503366752649]
  inliers: 636 / 966  median depth: 33.9468 m
Frame 46 position: [-2.431388671813404, -0.5427343074246939, 40.7036110307706]
  inliers: 615 / 982  median depth: 32.5175 m
Frame 47 position: [-2.48894622554965, -0.5673997564610267, 41.66876949368694]
  inliers: 550 / 939  median depth: 31.362 m
Frame 48 position: [-2.561230703463368, -0.5670763764212919, 42.65651494028614]
  inliers: 601 / 946  median depth: 31.6837 m
Frame 49 position: [-2.630435164090763, -0.5690746466887281, 43.64370080692657]
  inliers: 635 / 972  median depth: 29.8469 m
Frame 50 position: [-2.716416984165427, -0.5897058932929967, 44.63314067102722]
  inliers: 618 / 998  median depth: 29.5613 m
Frame 51 position: [-2.779236621583953, -0.6057027261391218, 45.61031482525843]
  inliers: 596 / 945  median depth: 27.7055 m
Frame 52 position: [-2.85247269813846, -0.619814781425629, 46.58069448454467]
  inliers: 588 / 942  median depth: 27.7055 m
Frame 53 position: [-2.931390468152577, -0.6251543287543921, 47.52641345519603]
  inliers: 655 / 990  median depth: 26.4031 m
Frame 54 position: [-2.998308251189484, -0.6396720657268743, 48.48794970953642]
  inliers: 593 / 952  median depth: 29.4206 m
Frame 55 position: [-3.093114127965647, -0.6615749107574628, 49.48547771101771]
  inliers: 575 / 937  median depth: 28.7364 m
Frame 56 position: [-3.17101929267187, -0.6833486295846122, 50.46600273987906]
  inliers: 575 / 939  median depth: 27.4592 m
Frame 57 position: [-3.247325921930559, -0.7109264785060377, 51.43205653294623]
  inliers: 605 / 929  median depth: 29.9918 m
Frame 58 position: [-3.302652990420157, -0.7282616899001724, 52.36857063348147]
  inliers: 597 / 965  median depth: 42.0294 m
Frame 59 position: [-3.365184983983865, -0.750840126500572, 53.32801653007868]
  inliers: 579 / 946  median depth: 39.8601 m
Frame 60 position: [-3.441982715138629, -0.7560782731423816, 54.2563666031035]
  inliers: 600 / 946  median depth: 39.6046 m
Frame 61 position: [-3.525815684601738, -0.7780160142179731, 55.20669450808868]
  inliers: 605 / 933  median depth: 39.1033 m
Frame 62 position: [-3.580855063177786, -0.7966647973514701, 56.11949503153876]
  inliers: 586 / 908  median depth: 38.8573 m
Frame 63 position: [-3.661427467798393, -0.8181463815607858, 57.06057971392399]
  inliers: 558 / 906  median depth: 41.1888 m
Frame 64 position: [-3.746917021511171, -0.8365928669517558, 57.98029993760401]
  inliers: 538 / 874  median depth: 41.7454 m
Frame 65 position: [-3.82402692211566, -0.865605306522481, 58.89238221233308]
  inliers: 573 / 875  median depth: 41.7454 m
Frame 66 position: [-3.911274970089286, -0.8888126185328018, 59.80346906545209]
  inliers: 559 / 915  median depth: 41.7454 m
Frame 67 position: [-4.013949786581002, -0.902160432292077, 60.72936139730872]
  inliers: 618 / 930  median depth: 39.1033 m
Frame 68 position: [-4.098293703529647, -0.9311790884990038, 61.60159082946583]
  inliers: 630 / 926  median depth: 38.6145 m
Frame 69 position: [-4.184440478226195, -0.9526390697328803, 62.49456418546249]
  inliers: 659 / 969  median depth: 38.6145 m
Frame 70 position: [-4.251499263517605, -0.9617465927948367, 63.33038628585306]
  inliers: 621 / 971  median depth: 37.6727 m
Frame 71 position: [-4.346034303294244, -0.9875540925375139, 64.19739886966713]
  inliers: 646 / 895  median depth: 35.3047 m
Frame 72 position: [-4.434170409788123, -1.004738725849804, 65.02886374518155]
  inliers: 657 / 922  median depth: 34.9057 m
Frame 73 position: [-4.521443749460505, -0.9921721172694671, 65.85474773010721]
  inliers: 723 / 1032  median depth: 31.6837 m
Frame 74 position: [-4.599340954479303, -1.005814866279182, 66.65596976100953]
  inliers: 728 / 1054  median depth: 30.1381 m
Frame 75 position: [-4.683630887370527, -1.014331379260499, 67.44396086637775]
  inliers: 627 / 984  median depth: 33.7613 m
Frame 76 position: [-4.787588025307327, -1.009067526362483, 68.23476243980079]
  inliers: 637 / 936  median depth: 31.847 m
Frame 77 position: [-4.875962823557992, -1.017792363776156, 69.01752157996266]
  inliers: 649 / 973  median depth: 29.5613 m
Frame 78 position: [-4.946833136746285, -1.023425006265825, 69.76183199934719]
  inliers: 688 / 994  median depth: 30.5857 m
Frame 79 position: [-5.021662379056755, -1.037058476330254, 70.49098094109652]
  inliers: 778 / 1083  median depth: 27.2173 m
Frame 80 position: [-5.103840856683058, -1.047686166115923, 71.19786300147508]
  inliers: 827 / 1123  median depth: 27.3377 m
Frame 81 position: [-5.174238590905915, -1.061843309565026, 71.89033879278142]
  inliers: 738 / 1098  median depth: 27.8303 m
Frame 82 position: [-5.264874848933304, -1.082521232221481, 72.55959915956515]
  inliers: 780 / 1095  median depth: 25.743 m
Frame 83 position: [-5.337370805304595, -1.108197319363817, 73.22341318283779]
  inliers: 795 / 1128  median depth: 27.5818 m
Frame 84 position: [-5.422134946256854, -1.118849228134772, 73.87008157503763]
  inliers: 826 / 1165  median depth: 26.2907 m
Frame 85 position: [-5.48491895858259, -1.136424411974154, 74.49100917110601]
  inliers: 809 / 1162  median depth: 25.9593 m
Frame 86 position: [-5.557455543880632, -1.142952717972448, 75.08204721113677]
  inliers: 831 / 1169  median depth: 26.2907 m
Frame 87 position: [-5.633337256482736, -1.161600446294148, 75.66810563564621]
  inliers: 808 / 1149  median depth: 25.9593 m
Frame 88 position: [-5.692977810392864, -1.183248874812203, 76.24626345364403]
  inliers: 797 / 1113  median depth: 25.2176 m
Frame 89 position: [-5.739494448049832, -1.197294526551758, 76.81037663251615]
  inliers: 751 / 1089  median depth: 25.2176 m
Frame 90 position: [-5.775137716227531, -1.224868829467643, 77.35737813135428]
  inliers: 815 / 1111  median depth: 24.1341 m
Frame 91 position: [-5.813096042494029, -1.237743669863881, 77.88520426577497]
  inliers: 768 / 1112  median depth: 24.1341 m
Frame 92 position: [-5.855944530958598, -1.257038402934791, 78.40936804622223]
  inliers: 770 / 1072  median depth: 24.1341 m
Frame 93 position: [-5.896123162656155, -1.256187532458107, 78.91258546204946]
  inliers: 710 / 1056  median depth: 23.7628 m
Frame 94 position: [-5.923040999829135, -1.258545888506214, 79.39291818236759]
  inliers: 790 / 1080  median depth: 22.6312 m
Frame 95 position: [-5.923947471102016, -1.257895017883437, 79.87684552555346]
  inliers: 707 / 1035  median depth: 23.947 m
Frame 96 position: [-5.895571557221388, -1.272367848608668, 80.34472349756443]
  inliers: 665 / 996  median depth: 21.6783 m
Frame 97 position: [-5.857787494297126, -1.278726211368077, 80.80654914594338]
  inliers: 665 / 993  median depth: 20.2568 m
Frame 98 position: [-5.798096400788848, -1.292710731010113, 81.25607757939908]
  inliers: 586 / 922  median depth: 28.2115 m
Frame 99 position: [-5.731293274953469, -1.311046108745333, 81.70068980833005]
  inliers: 644 / 950  median depth: 27.5818 m
Frame 100 position: [-5.635835079767759, -1.313159198714742, 82.14244109577342]
  inliers: 590 / 934  median depth: 26.9795 m
Frame 101 position: [-5.524412744958543, -1.341101286232968, 82.56089006012955]
  inliers: 607 / 922  median depth: 25.5302 m
Frame 102 position: [-5.395223246717289, -1.340515030817256, 82.97119744024459]
  inliers: 613 / 936  median depth: 13.8839 m
Frame 103 position: [-5.252158811868224, -1.356574555391403, 83.36042485300342]
  inliers: 647 / 916  median depth: 12.7651 m
Frame 104 position: [-5.089575215559996, -1.372102059335893, 83.71787627660704]
  inliers: 649 / 927  median depth: 12.3814 m
Frame 105 position: [-4.902887219625635, -1.38417420104832, 84.07662663582278]
  inliers: 715 / 1048  median depth: 11.9273 m
Frame 106 position: [-4.691819584237962, -1.396565177309943, 84.41352039201026]
  inliers: 781 / 1143  median depth: 11.3572 m
Frame 107 position: [-4.453324387955738, -1.408764668627134, 84.71867770412194]
  inliers: 789 / 1150  median depth: 11.013 m
Frame 108 position: [-4.196578250224652, -1.432528958688732, 84.99637509786187]
  inliers: 780 / 1123  median depth: 10.4363 m
Frame 109 position: [-3.928348831505237, -1.444202821707849, 85.26413460653036]
  inliers: 741 / 1064  median depth: 9.91704 m
Frame 110 position: [-3.641288872630613, -1.465260304506569, 85.50590813010641]
  inliers: 751 / 1065  median depth: 9.47595 m
Frame 111 position: [-3.337544866943619, -1.479434839538595, 85.73217723131772]
  inliers: 713 / 1053  median depth: 9.37529 m
Frame 112 position: [-3.023925031586173, -1.498064619924165, 85.938766403914]
  inliers: 641 / 989  median depth: 10.9351 m
Frame 113 position: [-2.692816974483928, -1.522071392447042, 86.12663473661621]
  inliers: 649 / 965  median depth: 12.2829 m
Frame 114 position: [-2.356583867421313, -1.540511133409127, 86.30087931887336]
  inliers: 702 / 1008  median depth: 14.8517 m
Frame 115 position: [-2.015775122827633, -1.553216568129491, 86.46625903140118]
  inliers: 685 / 1075  median depth: 32.1787 m
Frame 116 position: [-1.688160501165246, -1.574961517210144, 86.60205766504515]
  inliers: 680 / 1070  median depth: 35.1041 m
Frame 117 position: [-1.352013031753408, -1.59793613841863, 86.70292436474386]
  inliers: 756 / 1090  median depth: 38.3746 m
Frame 118 position: [-0.9792670052906285, -1.610620958549838, 86.79540996370993]
  inliers: 754 / 1071  median depth: 42.905 m
Frame 119 position: [-0.6078016828255687, -1.622018209699008, 86.88541056492103]
  inliers: 737 / 1055  median depth: 42.905 m
Frame 120 position: [-0.2542135352655084, -1.638446559378983, 86.97508947588399]
  inliers: 684 / 1039  median depth: 42.905 m
Frame 121 position: [0.09760323663822074, -1.664333301313136, 87.07645813076419]
  inliers: 658 / 1007  median depth: 54.6754 m
Frame 122 position: [0.4864833691549841, -1.691152774098783, 87.17444751592581]
  inliers: 694 / 1033  median depth: 42.905 m
Frame 123 position: [0.8813346625934227, -1.717564630979972, 87.24318544118563]
  inliers: 595 / 966  median depth: 61.1715 m
Frame 124 position: [1.294231977574865, -1.742089061633149, 87.2820544705725]
  inliers: 676 / 917  median depth: 43.5093 m
Frame 125 position: [1.707892190075142, -1.754223188150579, 87.32466116423005]
  inliers: 586 / 899  median depth: 58.286 m
Frame 126 position: [2.119875941445279, -1.771506867393343, 87.36814916111788]
  inliers: 662 / 936  median depth: 60.5717 m
Frame 127 position: [2.566327301815405, -1.795396051506154, 87.41748237553226]
  inliers: 638 / 925  median depth: 61.1715 m
Frame 128 position: [3.043157695181873, -1.827381606238733, 87.48908949546721]
  inliers: 632 / 911  median depth: 60.5717 m
Frame 129 position: [3.519874792916663, -1.855745279525536, 87.52384158585755]
  inliers: 587 / 942  median depth: 57.2066 m
Frame 130 position: [4.001404167042272, -1.8752738575521, 87.55298388697079]
  inliers: 633 / 921  median depth: 56.6818 m
Frame 131 position: [4.538241300352611, -1.900753100297091, 87.58710803350461]
  inliers: 673 / 957  median depth: 55.6605 m
Frame 132 position: [5.085091149074533, -1.935577749830026, 87.63482794082594]
  inliers: 687 / 955  median depth: 55.1635 m
Frame 133 position: [5.633207024667374, -1.974270581958291, 87.67324681826391]
  inliers: 708 / 952  median depth: 55.1635 m
Frame 134 position: [6.153259718861012, -2.004291565832684, 87.68898456394564]
  inliers: 661 / 937  median depth: 55.1635 m
Frame 135 position: [6.684742546573224, -2.046916320911816, 87.72007041711849]
  inliers: 690 / 953  median depth: 55.1635 m
Frame 136 position: [7.275239048256952, -2.083068030423083, 87.74579943213286]
  inliers: 680 / 937  median depth: 55.1635 m
Frame 137 position: [7.871511371453837, -2.118037997487196, 87.76584681902159]
  inliers: 675 / 937  median depth: 54.6754 m
Frame 138 position: [8.511356639254466, -2.153458037572735, 87.78738481361536]
  inliers: 627 / 900  median depth: 54.6754 m
Frame 139 position: [9.100323402406204, -2.189854792085052, 87.78425507787297]
  inliers: 653 / 907  median depth: 54.1958 m
Frame 140 position: [9.702421694974566, -2.229575831686613, 87.79002219523245]
  inliers: 704 / 948  median depth: 53.2614 m
Frame 141 position: [10.34222161917302, -2.259700229123745, 87.76569566526028]
  inliers: 660 / 984  median depth: 48.6482 m
Frame 142 position: [10.96973992823299, -2.277263606761244, 87.74816222644144]
  inliers: 786 / 1078  median depth: 46.1068 m
Frame 143 position: [11.6105515937898, -2.298925919168326, 87.74172584025898]
  inliers: 795 / 1129  median depth: 48.2681 m
Frame 144 position: [12.29292010103783, -2.354856540023992, 87.76720349784132]
  inliers: 844 / 1151  median depth: 47.1627 m
Frame 145 position: [13.05006372438265, -2.410029875630764, 87.80445907607225]
  inliers: 787 / 1150  median depth: 36.1305 m
Frame 146 position: [13.75625977627511, -2.445615775131047, 87.8008955827019]
  inliers: 797 / 1105  median depth: 34.7096 m
Frame 147 position: [14.48131405472732, -2.491900425329539, 87.82508382053801]
  inliers: 770 / 1095  median depth: 26.9795 m
Frame 148 position: [15.28640648082529, -2.542050684394521, 87.88414664667745]
  inliers: 722 / 1086  median depth: 26.2907 m
Frame 149 position: [16.03490493022557, -2.561347671513404, 87.89633282628058]
  inliers: 773 / 1095  median depth: 33.3963 m
Frame 150 position: [16.82959575020399, -2.591614740866909, 87.96072982117059]
  inliers: 868 / 1161  median depth: 24.7133 m
Frame 151 position: [17.61024601811426, -2.629538194971738, 88.00708675345747]
  inliers: 806 / 1130  median depth: 24.1341 m
Frame 152 position: [18.41644918328181, -2.701156986677246, 88.07491986006414]
  inliers: 789 / 1107  median depth: 22.7982 m
Frame 153 position: [19.20160697649016, -2.766109333203329, 88.13216152365985]
  inliers: 764 / 1091  median depth: 21.6025 m
Frame 154 position: [20.00742469170041, -2.831056748119518, 88.20903772478452]
  inliers: 755 / 1098  median depth: 21.4525 m
Frame 155 position: [20.8349135068427, -2.901291127981251, 88.29413550197886]
  inliers: 735 / 1094  median depth: 20.3234 m
Frame 156 position: [21.6365463828844, -2.971632172552027, 88.36807314064636]
  inliers: 800 / 1146  median depth: 19.3678 m
Frame 157 position: [22.48258621780209, -3.024594813356691, 88.45190822325985]
  inliers: 732 / 1093  median depth: 18.6094 m
Frame 158 position: [23.2766508238723, -3.082828024921515, 88.51084308195861]
  inliers: 709 / 1057  median depth: 25.743 m
Frame 159 position: [24.05692441906005, -3.142028902706685, 88.56493701096524]
  inliers: 728 / 1027  median depth: 25.4252 m
Frame 160 position: [24.84310963254863, -3.212758772834971, 88.62153624004145]
  inliers: 618 / 999  median depth: 27.5818 m
Frame 161 position: [25.67718762446357, -3.263825654840144, 88.6975659602124]
  inliers: 665 / 1006  median depth: 27.5818 m
Frame 162 position: [26.49067721350363, -3.326374072216497, 88.7567515807975]
  inliers: 605 / 969  median depth: 35.1041 m
Frame 163 position: [27.31154886432598, -3.390885382425002, 88.81570571601334]
  inliers: 548 / 882  median depth: 35.1041 m
Frame 164 position: [28.11131308128775, -3.449867042889533, 88.85685521547346]
  inliers: 567 / 895  median depth: 35.1041 m
Frame 165 position: [28.93097196683524, -3.514095295873391, 88.89597060483057]
  inliers: 514 / 832  median depth: 33.3963 m
Frame 166 position: [29.73542674023496, -3.561317791699551, 88.93226137685123]
  inliers: 512 / 773  median depth: 33.0391 m
Frame 167 position: [30.53616573456706, -3.620569480053811, 88.95518493750737]
  inliers: 544 / 837  median depth: 32.1787 m
Frame 168 position: [31.30754617077051, -3.68188771648418, 88.95416171295429]
  inliers: 621 / 892  median depth: 31.6837 m
Frame 169 position: [32.09411637644865, -3.737986823254475, 88.95587349414762]
  inliers: 584 / 892  median depth: 31.6837 m
Frame 170 position: [32.87961722031077, -3.793057551683277, 88.9398438064524]
  inliers: 641 / 887  median depth: 31.2036 m
Frame 171 position: [33.66358560058582, -3.844909086651721, 88.92906262115402]
  inliers: 639 / 915  median depth: 32.012 m
Frame 172 position: [34.42461864008256, -3.896462602257224, 88.90478749962944]
  inliers: 607 / 899  median depth: 31.362 m
Frame 173 position: [35.19423849370222, -3.957944351545857, 88.86503177633514]
  inliers: 700 / 985  median depth: 30.5857 m
Frame 174 position: [35.96559443903779, -4.018744829976182, 88.82709668989591]
  inliers: 710 / 1010  median depth: 29.7034 m
Frame 175 position: [36.71536005149089, -4.077279457123993, 88.77530024729013]
  inliers: 688 / 1025  median depth: 29.5613 m
Frame 176 position: [37.44636013096716, -4.143756566378664, 88.71833394776274]
  inliers: 736 / 1064  median depth: 28.7364 m
Frame 177 position: [38.17199474939068, -4.198669641676864, 88.65029031760957]
  inliers: 696 / 1073  median depth: 27.5818 m
Frame 178 position: [38.92493086148554, -4.257982795918383, 88.59008905233918]
  inliers: 726 / 1030  median depth: 27.2173 m
Frame 179 position: [39.67733174753847, -4.303521596781238, 88.51789062908739]
  inliers: 653 / 1016  median depth: 25.8507 m
Frame 180 position: [40.40971998927335, -4.329569519679572, 88.44722787853051]
  inliers: 634 / 1002  median depth: 25.5302 m
Frame 181 position: [41.12705605658233, -4.380076973156945, 88.36786566778045]
  inliers: 630 / 976  median depth: 24.5171 m
Frame 182 position: [41.84462412443754, -4.440630498248376, 88.28910296561206]
  inliers: 639 / 968  median depth: 24.1341 m
Frame 183 position: [42.49466870648789, -4.472095648275419, 88.22119754044778]
  inliers: 664 / 948  median depth: 24.0401 m
Frame 184 position: [43.12840378194704, -4.510153427322263, 88.16220749202164]
  inliers: 634 / 926  median depth: 22.8827 m
Frame 185 position: [43.73125333515751, -4.543215810201495, 88.09137200433308]
  inliers: 568 / 900  median depth: 22.7982 m
Frame 186 position: [44.38174458379461, -4.587601435870046, 88.03117463935239]
  inliers: 598 / 923  median depth: 21.7546 m
Frame 187 position: [44.94790624430426, -4.618989378435299, 87.97024465777044]
  inliers: 677 / 970  median depth: 22.3044 m
Frame 188 position: [45.53754016969313, -4.659098522426177, 87.93049247936]
  inliers: 619 / 938  median depth: 21.3783 m
Frame 189 position: [46.09266468858205, -4.686241012520198, 87.88334785656151]
  inliers: 635 / 918  median depth: 21.3045 m
Frame 190 position: [46.66547479353532, -4.733331330561356, 87.85536885451496]
  inliers: 577 / 855  median depth: 20.9434 m
Frame 191 position: [47.22922322475114, -4.785201650623189, 87.85150562820546]
  inliers: 593 / 888  median depth: 20.3234 m
Frame 192 position: [47.77158435315773, -4.817224780825008, 87.85247334527163]
  inliers: 551 / 868  median depth: 19.866 m
Frame 193 position: [48.31702473122404, -4.855073719358188, 87.88059743747698]
  inliers: 568 / 810  median depth: 19.0689 m
Frame 194 position: [48.83567760949693, -4.895453880779704, 87.91162281237951]
  inliers: 516 / 804  median depth: 18.1715 m
Frame 195 position: [49.35471512945846, -4.943603346882427, 87.96642435579865]
  inliers: 471 / 738  median depth: 18.3878 m
Frame 196 position: [49.85558238195031, -4.995648266276905, 88.02776626069337]
  inliers: 439 / 712  median depth: 17.0672 m
Frame 197 position: [50.36439960734324, -5.033923150484855, 88.12075670980235]
  inliers: 441 / 710  median depth: 17.7538 m
Frame 198 position: [50.86147110972222, -5.07511691485766, 88.22568000132603]
  inliers: 403 / 689  median depth: 16.7889 m
Frame 199 position: [51.34183172992203, -5.109430234996771, 88.3670843998801]
Estimated trajectory over 200 frames
Frame 0 position error: 5.5788e-16 m
Frame 1 position error: 0.202425 m
Frame 2 position error: 0.373067 m
Frame 3 position error: 0.522532 m
Frame 4 position error: 0.66985 m
Frame 5 position error: 0.796781 m
Frame 6 position error: 0.904406 m
Frame 7 position error: 1.00454 m
Frame 8 position error: 1.0816 m
Frame 9 position error: 1.1209 m
Frame 10 position error: 1.1732 m
Frame 11 position error: 1.21436 m
Frame 12 position error: 1.25492 m
Frame 13 position error: 1.27748 m
Frame 14 position error: 1.28843 m
Frame 15 position error: 1.29814 m
Frame 16 position error: 1.30652 m
Frame 17 position error: 1.3283 m
Frame 18 position error: 1.32337 m
Frame 19 position error: 1.31186 m
Frame 20 position error: 1.33434 m
Frame 21 position error: 1.36328 m
Frame 22 position error: 1.38883 m
Frame 23 position error: 1.37552 m
Frame 24 position error: 1.38101 m
Frame 25 position error: 1.35626 m
Frame 26 position error: 1.35809 m
Frame 27 position error: 1.38249 m
Frame 28 position error: 1.38537 m
Frame 29 position error: 1.41502 m
Frame 30 position error: 1.38102 m
Frame 31 position error: 1.40384 m
Frame 32 position error: 1.4213 m
Frame 33 position error: 1.43634 m
Frame 34 position error: 1.43871 m
Frame 35 position error: 1.43259 m
Frame 36 position error: 1.47995 m
Frame 37 position error: 1.50623 m
Frame 38 position error: 1.55031 m
Frame 39 position error: 1.61404 m
Frame 40 position error: 1.71616 m
Frame 41 position error: 1.80439 m
Frame 42 position error: 1.86918 m
Frame 43 position error: 1.92796 m
Frame 44 position error: 1.95638 m
Frame 45 position error: 2.02629 m
Frame 46 position error: 2.09187 m
Frame 47 position error: 2.13391 m
Frame 48 position error: 2.16405 m
Frame 49 position error: 2.19206 m
Frame 50 position error: 2.20723 m
Frame 51 position error: 2.2319 m
Frame 52 position error: 2.25512 m
Frame 53 position error: 2.2963 m
Frame 54 position error: 2.32205 m
Frame 55 position error: 2.31573 m
Frame 56 position error: 2.31789 m
Frame 57 position error: 2.32356 m
Frame 58 position error: 2.3518 m
Frame 59 position error: 2.35846 m
Frame 60 position error: 2.39636 m
Frame 61 position error: 2.40922 m
Frame 62 position error: 2.45109 m
Frame 63 position error: 2.45958 m
Frame 64 position error: 2.48113 m
Frame 65 position error: 2.49087 m
Frame 66 position error: 2.49843 m
Frame 67 position error: 2.49485 m
Frame 68 position error: 2.52176 m
Frame 69 position error: 2.52011 m
Frame 70 position error: 2.55832 m
Frame 71 position error: 2.55153 m
Frame 72 position error: 2.56979 m
Frame 73 position error: 2.59439 m
Frame 74 position error: 2.61496 m
Frame 75 position error: 2.63907 m
Frame 76 position error: 2.66 m
Frame 77 position error: 2.66703 m
Frame 78 position error: 2.68525 m
Frame 79 position error: 2.69509 m
Frame 80 position error: 2.70948 m
Frame 81 position error: 2.71863 m
Frame 82 position error: 2.73381 m
Frame 83 position error: 2.73435 m
Frame 84 position error: 2.73737 m
Frame 85 position error: 2.7391 m
Frame 86 position error: 2.75964 m
Frame 87 position error: 2.7662 m
Frame 88 position error: 2.76458 m
Frame 89 position error: 2.76484 m
Frame 90 position error: 2.76344 m
Frame 91 position error: 2.77705 m
Frame 92 position error: 2.77316 m
Frame 93 position error: 2.78681 m
Frame 94 position error: 2.80567 m
Frame 95 position error: 2.81139 m
Frame 96 position error: 2.80737 m
Frame 97 position error: 2.80857 m
Frame 98 position error: 2.80758 m
Frame 99 position error: 2.79781 m
Frame 100 position error: 2.794 m
Frame 101 position error: 2.78629 m
Frame 102 position error: 2.78362 m
Frame 103 position error: 2.78561 m
Frame 104 position error: 2.78636 m
Frame 105 position error: 2.78191 m
Frame 106 position error: 2.77725 m
Frame 107 position error: 2.76568 m
Frame 108 position error: 2.76812 m
Frame 109 position error: 2.75911 m
Frame 110 position error: 2.76192 m
Frame 111 position error: 2.76106 m
Frame 112 position error: 2.74488 m
Frame 113 position error: 2.73213 m
Frame 114 position error: 2.71499 m
Frame 115 position error: 2.71023 m
Frame 116 position error: 2.71517 m
Frame 117 position error: 2.71901 m
Frame 118 position error: 2.71535 m
Frame 119 position error: 2.71387 m
Frame 120 position error: 2.71964 m
Frame 121 position error: 2.72367 m
Frame 122 position error: 2.70913 m
Frame 123 position error: 2.70299 m
Frame 124 position error: 2.70451 m
Frame 125 position error: 2.69966 m
Frame 126 position error: 2.69869 m
Frame 127 position error: 2.69646 m
Frame 128 position error: 2.66963 m
Frame 129 position error: 2.66584 m
Frame 130 position error: 2.66636 m
Frame 131 position error: 2.63641 m
Frame 132 position error: 2.59262 m
Frame 133 position error: 2.559 m
Frame 134 position error: 2.56143 m
Frame 135 position error: 2.54738 m
Frame 136 position error: 2.52624 m
Frame 137 position error: 2.51446 m
Frame 138 position error: 2.48502 m
Frame 139 position error: 2.50375 m
Frame 140 position error: 2.51101 m
Frame 141 position error: 2.53887 m
Frame 142 position error: 2.57551 m
Frame 143 position error: 2.61335 m
Frame 144 position error: 2.60445 m
Frame 145 position error: 2.56231 m
Frame 146 position error: 2.60335 m
Frame 147 position error: 2.62051 m
Frame 148 position error: 2.58466 m
Frame 149 position error: 2.63055 m
Frame 150 position error: 2.61865 m
Frame 151 position error: 2.62944 m
Frame 152 position error: 2.60404 m
Frame 153 position error: 2.59949 m
Frame 154 position error: 2.57516 m
Frame 155 position error: 2.53288 m
Frame 156 position error: 2.50803 m
Frame 157 position error: 2.45905 m
Frame 158 position error: 2.45392 m
Frame 159 position error: 2.46008 m
Frame 160 position error: 2.45563 m
Frame 161 position error: 2.41645 m
Frame 162 position error: 2.39325 m
Frame 163 position error: 2.36443 m
Frame 164 position error: 2.35703 m
Frame 165 position error: 2.32706 m
Frame 166 position error: 2.30492 m
Frame 167 position error: 2.28159 m
Frame 168 position error: 2.28611 m
Frame 169 position error: 2.2733 m
Frame 170 position error: 2.26407 m
Frame 171 position error: 2.24356 m
Frame 172 position error: 2.23846 m
Frame 173 position error: 2.22785 m
Frame 174 position error: 2.20449 m
Frame 175 position error: 2.19555 m
Frame 176 position error: 2.19046 m
Frame 177 position error: 2.19186 m
Frame 178 position error: 2.15671 m
Frame 179 position error: 2.12428 m
Frame 180 position error: 2.09932 m
Frame 181 position error: 2.08033 m
Frame 182 position error: 2.05239 m
Frame 183 position error: 2.06055 m
Frame 184 position error: 2.06582 m
Frame 185 position error: 2.09144 m
Frame 186 position error: 2.06489 m
Frame 187 position error: 2.09691 m
Frame 188 position error: 2.08967 m
Frame 189 position error: 2.10767 m
Frame 190 position error: 2.08936 m
Frame 191 position error: 2.05652 m
Frame 192 position error: 2.04623 m
Frame 193 position error: 2.01944 m
Frame 194 position error: 2.01376 m
Frame 195 position error: 2.00793 m
Frame 196 position error: 2.02124 m
Frame 197 position error: 2.01127 m
Frame 198 position error: 2.01947 m
Frame 199 position error: 2.03173 m
Average position error: 2.21306 m, max: 2.81139 m
Average per-frame relative translation error: 0.0312451 m

Step lengths (estimated vs ground truth):
Frame 1: est=0.662341 m  gt=0.860443 m  ratio=0.769768
Frame 2: est=0.693154 m  gt=0.859327 m  ratio=0.806624
Frame 3: est=0.715788 m  gt=0.860438 m  ratio=0.831889
Frame 4: est=0.715505 m  gt=0.85943 m  ratio=0.832534
Frame 5: est=0.735979 m  gt=0.860435 m  ratio=0.855357
Frame 6: est=0.756569 m  gt=0.859398 m  ratio=0.880348
Frame 7: est=0.760934 m  gt=0.860538 m  ratio=0.884254
Frame 8: est=0.784628 m  gt=0.859446 m  ratio=0.912946
Frame 9: est=0.822402 m  gt=0.860306 m  ratio=0.955941
Frame 10: est=0.811954 m  gt=0.860598 m  ratio=0.943477
Frame 11: est=0.821225 m  gt=0.859134 m  ratio=0.955876
Frame 12: est=0.822632 m  gt=0.860432 m  ratio=0.956068
Frame 13: est=0.842715 m  gt=0.860357 m  ratio=0.979494
Frame 14: est=0.852538 m  gt=0.859593 m  ratio=0.991793
Frame 15: est=0.846981 m  gt=0.855871 m  ratio=0.989613
Frame 16: est=0.854552 m  gt=0.863667 m  ratio=0.989446
Frame 17: est=0.851461 m  gt=0.870724 m  ratio=0.977876
Frame 18: est=0.886291 m  gt=0.881615 m  ratio=1.0053
Frame 19: est=0.904218 m  gt=0.891922 m  ratio=1.01379
Frame 20: est=0.886886 m  gt=0.901721 m  ratio=0.983548
Frame 21: est=0.880119 m  gt=0.906165 m  ratio=0.971257
Frame 22: est=0.89032 m  gt=0.913045 m  ratio=0.975111
Frame 23: est=0.929788 m  gt=0.9151 m  ratio=1.01605
Frame 24: est=0.918094 m  gt=0.918507 m  ratio=0.99955
Frame 25: est=0.957681 m  gt=0.928696 m  ratio=1.03121
Frame 26: est=0.937622 m  gt=0.936147 m  ratio=1.00158
Frame 27: est=0.918248 m  gt=0.937333 m  ratio=0.979639
Frame 28: est=0.947568 m  gt=0.944008 m  ratio=1.00377
Frame 29: est=0.922763 m  gt=0.946881 m  ratio=0.974529
Frame 30: est=0.991003 m  gt=0.949428 m  ratio=1.04379
Frame 31: est=0.933418 m  gt=0.953304 m  ratio=0.979139
Frame 32: est=0.943479 m  gt=0.960035 m  ratio=0.982755
Frame 33: est=0.95586 m  gt=0.96987 m  ratio=0.985556
Frame 34: est=0.986318 m  gt=0.97703 m  ratio=1.00951
Frame 35: est=0.985526 m  gt=0.98083 m  ratio=1.00479
Frame 36: est=0.92855 m  gt=0.980618 m  ratio=0.946903
Frame 37: est=0.958298 m  gt=0.98057 m  ratio=0.977286
Frame 38: est=0.948564 m  gt=0.985831 m  ratio=0.962198
Frame 39: est=0.961023 m  gt=1.01335 m  ratio=0.948361
Frame 40: est=0.975552 m  gt=1.06045 m  ratio=0.919943
Frame 41: est=0.969504 m  gt=1.04463 m  ratio=0.92808
Frame 42: est=0.99703 m  gt=1.04654 m  ratio=0.952691
Frame 43: est=0.983117 m  gt=1.03506 m  ratio=0.949814
Frame 44: est=1.02069 m  gt=1.03788 m  ratio=0.983438
Frame 45: est=0.952119 m  gt=1.02578 m  ratio=0.928192
Frame 46: est=0.96983 m  gt=1.02486 m  ratio=0.946303
Frame 47: est=0.967188 m  gt=1.01252 m  ratio=0.955229
Frame 48: est=0.990387 m  gt=1.00791 m  ratio=0.982611
Frame 49: est=0.989611 m  gt=1.00366 m  ratio=0.986006
Frame 50: est=0.993383 m  gt=1.0017 m  ratio=0.991701
Frame 51: est=0.979322 m  gt=0.997628 m  ratio=0.98165
Frame 52: est=0.973242 m  gt=0.989036 m  ratio=0.98403
Frame 53: est=0.949021 m  gt=0.980541 m  ratio=0.967855
Frame 54: est=0.963971 m  gt=0.984487 m  ratio=0.979161
Frame 55: est=1.00226 m  gt=0.983564 m  ratio=1.01901
Frame 56: est=0.983856 m  gt=0.979146 m  ratio=1.00481
Frame 57: est=0.969455 m  gt=0.972598 m  ratio=0.996769
Frame 58: est=0.938307 m  gt=0.965427 m  ratio=0.971909
Frame 59: est=0.961747 m  gt=0.96585 m  ratio=0.995752
Frame 60: est=0.931536 m  gt=0.961009 m  ratio=0.969331
Frame 61: est=0.954271 m  gt=0.964335 m  ratio=0.989564
Frame 62: est=0.914649 m  gt=0.964033 m  ratio=0.948773
Frame 63: est=0.944772 m  gt=0.954338 m  ratio=0.989976
Frame 64: est=0.923869 m  gt=0.943635 m  ratio=0.979053
Frame 65: est=0.915796 m  gt=0.927331 m  ratio=0.98756
Frame 66: est=0.915549 m  gt=0.917557 m  ratio=0.997812
Frame 67: est=0.931664 m  gt=0.913813 m  ratio=1.01953
Frame 68: est=0.876778 m  gt=0.901613 m  ratio=0.972455
Frame 69: est=0.897376 m  gt=0.885961 m  ratio=1.01288
Frame 70: est=0.838557 m  gt=0.8718 m  ratio=0.961869
Frame 71: est=0.872533 m  gt=0.858085 m  ratio=1.01684
Frame 72: est=0.8363 m  gt=0.846155 m  ratio=0.988353
Frame 73: est=0.830577 m  gt=0.831775 m  ratio=0.998561
Frame 74: est=0.805115 m  gt=0.819611 m  ratio=0.982314
Frame 75: est=0.792532 m  gt=0.807556 m  ratio=0.981396
Frame 76: est=0.797623 m  gt=0.79703 m  ratio=1.00074
Frame 77: est=0.78778 m  gt=0.77941 m  ratio=1.01074
Frame 78: est=0.747698 m  gt=0.756639 m  ratio=0.988183
Frame 79: est=0.733105 m  gt=0.733996 m  ratio=0.998786
Frame 80: est=0.711722 m  gt=0.715997 m  ratio=0.994029
Frame 81: est=0.696189 m  gt=0.698293 m  ratio=0.996987
Frame 82: est=0.675686 m  gt=0.680013 m  ratio=0.993638
Frame 83: est=0.668254 m  gt=0.659839 m  ratio=1.01275
Frame 84: est=0.652287 m  gt=0.633923 m  ratio=1.02897
Frame 85: est=0.624341 m  gt=0.614207 m  ratio=1.0165
Frame 86: est=0.595508 m  gt=0.596759 m  ratio=0.997904
Frame 87: est=0.591245 m  gt=0.584415 m  ratio=1.01169
Frame 88: est=0.581629 m  gt=0.572595 m  ratio=1.01578
Frame 89: est=0.566202 m  gt=0.557021 m  ratio=1.01648
Frame 90: est=0.548855 m  gt=0.54408 m  ratio=1.00878
Frame 91: est=0.529346 m  gt=0.53198 m  ratio=0.995049
Frame 92: est=0.526266 m  gt=0.512643 m  ratio=1.02658
Frame 93: est=0.50482 m  gt=0.502023 m  ratio=1.00557
Frame 94: est=0.481092 m  gt=0.488097 m  ratio=0.985649
Frame 95: est=0.483929 m  gt=0.474636 m  ratio=1.01958
Frame 96: est=0.468961 m  gt=0.460279 m  ratio=1.01886
Frame 97: est=0.463412 m  gt=0.455031 m  ratio=1.01842
Frame 98: est=0.45369 m  gt=0.450175 m  ratio=1.00781
Frame 99: est=0.449977 m  gt=0.437722 m  ratio=1.028
Frame 100: est=0.451952 m  gt=0.438707 m  ratio=1.03019
Frame 101: est=0.43393 m  gt=0.431875 m  ratio=1.00476
Frame 102: est=0.430166 m  gt=0.413149 m  ratio=1.04119
Frame 103: est=0.414998 m  gt=0.416642 m  ratio=0.996054
Frame 104: est=0.392996 m  gt=0.396948 m  ratio=0.990045
Frame 105: est=0.404599 m  gt=0.403219 m  ratio=1.00342
Frame 106: est=0.397744 m  gt=0.396863 m  ratio=1.00222
Frame 107: est=0.387492 m  gt=0.378589 m  ratio=1.02352
Frame 108: est=0.378945 m  gt=0.387287 m  ratio=0.97846
Frame 109: est=0.379181 m  gt=0.373576 m  ratio=1.015
Frame 110: est=0.375901 m  gt=0.388171 m  ratio=0.968389
Frame 111: est=0.379024 m  gt=0.383546 m  ratio=0.98821
Frame 112: est=0.37601 m  gt=0.376037 m  ratio=0.999928
Frame 113: est=0.381449 m  gt=0.38034 m  ratio=1.00292
Frame 114: est=0.379149 m  gt=0.370996 m  ratio=1.02197
Frame 115: est=0.379028 m  gt=0.380273 m  ratio=0.996727
Frame 116: est=0.35531 m  gt=0.381136 m  ratio=0.932241
Frame 117: est=0.351706 m  gt=0.376479 m  ratio=0.934197
Frame 118: est=0.384258 m  gt=0.388415 m  ratio=0.989297
Frame 119: est=0.382383 m  gt=0.385601 m  ratio=0.991655
Frame 120: est=0.365153 m  gt=0.385694 m  ratio=0.946742
Frame 121: est=0.367043 m  gt=0.388588 m  ratio=0.944557
Frame 122: est=0.401932 m  gt=0.39366 m  ratio=1.02101
Frame 123: est=0.401659 m  gt=0.404176 m  ratio=0.993772
Frame 124: est=0.415447 m  gt=0.411357 m  ratio=1.00994
Frame 125: est=0.416026 m  gt=0.424157 m  ratio=0.98083
Frame 126: est=0.414633 m  gt=0.42958 m  ratio=0.965206
Frame 127: est=0.449804 m  gt=0.450381 m  ratio=0.998719
Frame 128: est=0.483237 m  gt=0.468415 m  ratio=1.03164
Frame 129: est=0.478823 m  gt=0.475496 m  ratio=1.007
Frame 130: est=0.482806 m  gt=0.487851 m  ratio=0.989658
Frame 131: est=0.538524 m  gt=0.498241 m  ratio=1.08085
Frame 132: est=0.550032 m  gt=0.515111 m  ratio=1.06779
Frame 133: est=0.550821 m  gt=0.530639 m  ratio=1.03803
Frame 134: est=0.521156 m  gt=0.546272 m  ratio=0.954023
Frame 135: est=0.534095 m  gt=0.564167 m  ratio=0.946696
Frame 136: est=0.592161 m  gt=0.584268 m  ratio=1.01351
Frame 137: est=0.597633 m  gt=0.60335 m  ratio=0.990525
Frame 138: est=0.641187 m  gt=0.619558 m  ratio=1.03491
Frame 139: est=0.590099 m  gt=0.639864 m  ratio=0.922225
Frame 140: est=0.603435 m  gt=0.655036 m  ratio=0.921223
Frame 141: est=0.640971 m  gt=0.674021 m  ratio=0.950965
Frame 142: est=0.628009 m  gt=0.686448 m  ratio=0.914868
Frame 143: est=0.64121 m  gt=0.70755 m  ratio=0.90624
Frame 144: est=0.685131 m  gt=0.723469 m  ratio=0.947008
Frame 145: est=0.760065 m  gt=0.739352 m  ratio=1.02802
Frame 146: est=0.707101 m  gt=0.759447 m  ratio=0.931073
Frame 147: est=0.726933 m  gt=0.772064 m  ratio=0.941544
Frame 148: est=0.808812 m  gt=0.788173 m  ratio=1.02619
Frame 149: est=0.748846 m  gt=0.795557 m  ratio=0.941286
Frame 150: est=0.79787 m  gt=0.803535 m  ratio=0.99295
Frame 151: est=0.782944 m  gt=0.805544 m  ratio=0.971945
Frame 152: est=0.812216 m  gt=0.810686 m  ratio=1.00189
Frame 153: est=0.789917 m  gt=0.815819 m  ratio=0.96825
Frame 154: est=0.812078 m  gt=0.819963 m  ratio=0.990383
Frame 155: est=0.834813 m  gt=0.820471 m  ratio=1.01748
Frame 156: est=0.808103 m  gt=0.819144 m  ratio=0.98652
Frame 157: est=0.851831 m  gt=0.81943 m  ratio=1.03954
Frame 158: est=0.798375 m  gt=0.817425 m  ratio=0.976695
Frame 159: est=0.784384 m  gt=0.814136 m  ratio=0.963455
Frame 160: est=0.791387 m  gt=0.812707 m  ratio=0.973767
Frame 161: est=0.839091 m  gt=0.813563 m  ratio=1.03138
Frame 162: est=0.818035 m  gt=0.811837 m  ratio=1.00763
Frame 163: est=0.82551 m  gt=0.813764 m  ratio=1.01444
Frame 164: est=0.802991 m  gt=0.813123 m  ratio=0.98754
Frame 165: est=0.823101 m  gt=0.807984 m  ratio=1.01871
Frame 166: est=0.806656 m  gt=0.802581 m  ratio=1.00508
Frame 167: est=0.803255 m  gt=0.801904 m  ratio=1.00168
Frame 168: est=0.773814 m  gt=0.798207 m  ratio=0.969441
Frame 169: est=0.78857 m  gt=0.792803 m  ratio=0.994661
Frame 170: est=0.787592 m  gt=0.792489 m  ratio=0.99382
Frame 171: est=0.785755 m  gt=0.787391 m  ratio=0.997922
Frame 172: est=0.763163 m  gt=0.780355 m  ratio=0.97797
Frame 173: est=0.773095 m  gt=0.77649 m  ratio=0.995627
Frame 174: est=0.774678 m  gt=0.769752 m  ratio=1.0064
Frame 175: est=0.753829 m  gt=0.761919 m  ratio=0.989382
Frame 176: est=0.736224 m  gt=0.754943 m  ratio=0.975204
Frame 177: est=0.730884 m  gt=0.747479 m  ratio=0.977798
Frame 178: est=0.757664 m  gt=0.740537 m  ratio=1.02313
Frame 179: est=0.757228 m  gt=0.732933 m  ratio=1.03315
Frame 180: est=0.73625 m  gt=0.724053 m  ratio=1.01685
Frame 181: est=0.723478 m  gt=0.718227 m  ratio=1.00731
Frame 182: est=0.724413 m  gt=0.706226 m  ratio=1.02575
Frame 183: est=0.654339 m  gt=0.691049 m  ratio=0.946878
Frame 184: est=0.637611 m  gt=0.677793 m  ratio=0.940717
Frame 185: est=0.607897 m  gt=0.659837 m  ratio=0.921283
Frame 186: est=0.654777 m  gt=0.6434 m  ratio=1.01768
Frame 187: est=0.570295 m  gt=0.62435 m  ratio=0.913423
Frame 188: est=0.592332 m  gt=0.604979 m  ratio=0.979095
Frame 189: est=0.557784 m  gt=0.58506 m  ratio=0.953378
Frame 190: est=0.575423 m  gt=0.56443 m  ratio=1.01948
Frame 191: est=0.566143 m  gt=0.543785 m  ratio=1.04112
Frame 192: est=0.543307 m  gt=0.535779 m  ratio=1.01405
Frame 193: est=0.547475 m  gt=0.528141 m  ratio=1.03661
Frame 194: est=0.521147 m  gt=0.523929 m  ratio=0.99469
Frame 195: est=0.524139 m  gt=0.525191 m  ratio=0.997996
Frame 196: est=0.507286 m  gt=0.522084 m  ratio=0.971658
Frame 197: est=0.518659 m  gt=0.514085 m  ratio=1.0089
Frame 198: est=0.509692 m  gt=0.514144 m  ratio=0.991341
Frame 199: est=0.501915 m  gt=0.516492 m  ratio=0.971777
